Jul 28 04:27:32 pi-nix kernel: Booting Linux on physical CPU 0x0000000000 [0x410fd083]
Jul 28 04:27:32 pi-nix kernel: Linux version 6.1.96 (nixbld@localhost) (gcc (GCC) 12.3.0, GNU ld (GNU Binutils) 2.40) #1-NixOS SMP Thu Jun 27 11:46:24 UTC 2024
Jul 28 04:27:32 pi-nix kernel: Machine model: Raspberry Pi 4 Model B Rev 1.5
Jul 28 04:27:32 pi-nix kernel: efi: UEFI not found.
Jul 28 04:27:32 pi-nix kernel: Reserved memory: created CMA memory pool at 0x0000000037400000, size 64 MiB
Jul 28 04:27:32 pi-nix kernel: OF: reserved mem: initialized node linux,cma, compatible id shared-dma-pool
Jul 28 04:27:32 pi-nix kernel: NUMA: No NUMA configuration found
Jul 28 04:27:32 pi-nix kernel: NUMA: Faking a node at [mem 0x0000000000000000-0x00000000fbffffff]
Jul 28 04:27:32 pi-nix kernel: NUMA: NODE_DATA [mem 0xfb8109c0-0xfb813fff]
Jul 28 04:27:32 pi-nix kernel: Zone ranges:
Jul 28 04:27:32 pi-nix kernel:   DMA      [mem 0x0000000000000000-0x000000003fffffff]
Jul 28 04:27:32 pi-nix kernel:   DMA32    [mem 0x0000000040000000-0x00000000fbffffff]
Jul 28 04:27:32 pi-nix kernel:   Normal   empty
Jul 28 04:27:32 pi-nix kernel:   Device   empty
Jul 28 04:27:32 pi-nix kernel: Movable zone start for each node
Jul 28 04:27:32 pi-nix kernel: Early memory node ranges
Jul 28 04:27:32 pi-nix kernel:   node   0: [mem 0x0000000000000000-0x000000003b3fffff]
Jul 28 04:27:32 pi-nix kernel:   node   0: [mem 0x0000000040000000-0x00000000fbffffff]
Jul 28 04:27:32 pi-nix kernel: Initmem setup node 0 [mem 0x0000000000000000-0x00000000fbffffff]
Jul 28 04:27:32 pi-nix kernel: On node 0, zone DMA32: 19456 pages in unavailable ranges
Jul 28 04:27:32 pi-nix kernel: On node 0, zone DMA32: 16384 pages in unavailable ranges
Jul 28 04:27:32 pi-nix kernel: percpu: Embedded 31 pages/cpu s87080 r8192 d31704 u126976
Jul 28 04:27:32 pi-nix kernel: pcpu-alloc: s87080 r8192 d31704 u126976 alloc=31*4096
Jul 28 04:27:32 pi-nix kernel: pcpu-alloc: [0] 0 [0] 1 [0] 2 [0] 3 
Jul 28 04:27:32 pi-nix kernel: Detected PIPT I-cache on CPU0
Jul 28 04:27:32 pi-nix kernel: CPU features: detected: Spectre-v2
Jul 28 04:27:32 pi-nix kernel: CPU features: detected: Spectre-v3a
Jul 28 04:27:32 pi-nix kernel: CPU features: detected: Spectre-v4
Jul 28 04:27:32 pi-nix kernel: CPU features: detected: Spectre-BHB
Jul 28 04:27:32 pi-nix kernel: CPU features: kernel page table isolation forced ON by KASLR
Jul 28 04:27:32 pi-nix kernel: CPU features: detected: Kernel page table isolation (KPTI)
Jul 28 04:27:32 pi-nix kernel: CPU features: detected: ARM erratum 1742098
Jul 28 04:27:32 pi-nix kernel: CPU features: detected: ARM errata 1165522, 1319367, or 1530923
Jul 28 04:27:32 pi-nix kernel: alternatives: applying boot alternatives
Jul 28 04:27:32 pi-nix kernel: Fallback order for Node 0: 0 
Jul 28 04:27:32 pi-nix kernel: Built 1 zonelists, mobility grouping on.  Total pages: 996912
Jul 28 04:27:32 pi-nix kernel: Policy zone: DMA32
Jul 28 04:27:32 pi-nix kernel: Kernel command line: init=/nix/store/rc7kfgavll5ly2xrww5a4rqmy05rrk82-nixos-system-pi-nix-23.11.7870.205fd4226592/init loglevel=4
Jul 28 04:27:32 pi-nix kernel: Dentry cache hash table entries: 524288 (order: 10, 4194304 bytes, linear)
Jul 28 04:27:32 pi-nix kernel: Inode-cache hash table entries: 262144 (order: 9, 2097152 bytes, linear)
Jul 28 04:27:32 pi-nix kernel: mem auto-init: stack:all(zero), heap alloc:off, heap free:off
Jul 28 04:27:32 pi-nix kernel: software IO TLB: area num 4.
Jul 28 04:27:32 pi-nix kernel: software IO TLB: mapped [mem 0x0000000033400000-0x0000000037400000] (64MB)
Jul 28 04:27:32 pi-nix kernel: Memory: 3771880K/4050944K available (20544K kernel code, 5388K rwdata, 18908K rodata, 12032K init, 742K bss, 213528K reserved, 65536K cma-reserved)
Jul 28 04:27:32 pi-nix kernel: SLUB: HWalign=64, Order=0-3, MinObjects=0, CPUs=4, Nodes=1
Jul 28 04:27:32 pi-nix kernel: ftrace: allocating 66186 entries in 259 pages
Jul 28 04:27:32 pi-nix kernel: ftrace: allocated 259 pages with 3 groups
Jul 28 04:27:32 pi-nix kernel: trace event string verifier disabled
Jul 28 04:27:32 pi-nix kernel: rcu: Hierarchical RCU implementation.
Jul 28 04:27:32 pi-nix kernel: rcu:         RCU event tracing is enabled.
Jul 28 04:27:32 pi-nix kernel: rcu:         RCU restricting CPUs from NR_CPUS=384 to nr_cpu_ids=4.
Jul 28 04:27:32 pi-nix kernel:         Rude variant of Tasks RCU enabled.
Jul 28 04:27:32 pi-nix kernel:         Tracing variant of Tasks RCU enabled.
Jul 28 04:27:32 pi-nix kernel: rcu: RCU calculated value of scheduler-enlistment delay is 25 jiffies.
Jul 28 04:27:32 pi-nix kernel: rcu: Adjusting geometry for rcu_fanout_leaf=16, nr_cpu_ids=4
Jul 28 04:27:32 pi-nix kernel: NR_IRQS: 64, nr_irqs: 64, preallocated irqs: 0
Jul 28 04:27:32 pi-nix kernel: Root IRQ handler: gic_handle_irq
Jul 28 04:27:32 pi-nix kernel: GIC: Using split EOI/Deactivate mode
Jul 28 04:27:32 pi-nix kernel: rcu: srcu_init: Setting srcu_struct sizes based on contention.
Jul 28 04:27:32 pi-nix kernel: arch_timer: cp15 timer(s) running at 54.00MHz (phys).
Jul 28 04:27:32 pi-nix kernel: clocksource: arch_sys_counter: mask: 0xffffffffffffff max_cycles: 0xc743ce346, max_idle_ns: 440795203123 ns
Jul 28 04:27:32 pi-nix kernel: sched_clock: 56 bits at 54MHz, resolution 18ns, wraps every 4398046511102ns
Jul 28 04:27:32 pi-nix kernel: Console: colour dummy device 80x25
Jul 28 04:27:32 pi-nix kernel: printk: console [tty0] enabled
Jul 28 04:27:32 pi-nix kernel: Calibrating delay loop (skipped), value calculated using timer frequency.. 108.00 BogoMIPS (lpj=216000)
Jul 28 04:27:32 pi-nix kernel: pid_max: default: 32768 minimum: 301
Jul 28 04:27:32 pi-nix kernel: LSM: Security Framework initializing
Jul 28 04:27:32 pi-nix kernel: landlock: Up and running.
Jul 28 04:27:32 pi-nix kernel: Yama: becoming mindful.
Jul 28 04:27:32 pi-nix kernel: LSM support for eBPF active
Jul 28 04:27:32 pi-nix kernel: Mount-cache hash table entries: 8192 (order: 4, 65536 bytes, linear)
Jul 28 04:27:32 pi-nix kernel: Mountpoint-cache hash table entries: 8192 (order: 4, 65536 bytes, linear)
Jul 28 04:27:32 pi-nix kernel: cblist_init_generic: Setting adjustable number of callback queues.
Jul 28 04:27:32 pi-nix kernel: cblist_init_generic: Setting shift to 2 and lim to 1.
Jul 28 04:27:32 pi-nix kernel: cblist_init_generic: Setting adjustable number of callback queues.
Jul 28 04:27:32 pi-nix kernel: cblist_init_generic: Setting shift to 2 and lim to 1.
Jul 28 04:27:32 pi-nix kernel: rcu: Hierarchical SRCU implementation.
Jul 28 04:27:32 pi-nix kernel: rcu:         Max phase no-delay instances is 1000.
Jul 28 04:27:32 pi-nix kernel: EFI services will not be available.
Jul 28 04:27:32 pi-nix kernel: smp: Bringing up secondary CPUs ...
Jul 28 04:27:32 pi-nix kernel: Detected PIPT I-cache on CPU1
Jul 28 04:27:32 pi-nix kernel: CPU1: Booted secondary processor 0x0000000001 [0x410fd083]
Jul 28 04:27:32 pi-nix kernel: Detected PIPT I-cache on CPU2
Jul 28 04:27:32 pi-nix kernel: CPU2: Booted secondary processor 0x0000000002 [0x410fd083]
Jul 28 04:27:32 pi-nix kernel: Detected PIPT I-cache on CPU3
Jul 28 04:27:32 pi-nix kernel: CPU3: Booted secondary processor 0x0000000003 [0x410fd083]
Jul 28 04:27:32 pi-nix kernel: smp: Brought up 1 node, 4 CPUs
Jul 28 04:27:32 pi-nix kernel: SMP: Total of 4 processors activated.
Jul 28 04:27:32 pi-nix kernel: CPU features: detected: 32-bit EL0 Support
Jul 28 04:27:32 pi-nix kernel: CPU features: detected: 32-bit EL1 Support
Jul 28 04:27:32 pi-nix kernel: CPU features: detected: CRC32 instructions
Jul 28 04:27:32 pi-nix kernel: CPU: All CPU(s) started at EL2
Jul 28 04:27:32 pi-nix kernel: alternatives: applying system-wide alternatives
Jul 28 04:27:32 pi-nix kernel: devtmpfs: initialized
Jul 28 04:27:32 pi-nix kernel: clocksource: jiffies: mask: 0xffffffff max_cycles: 0xffffffff, max_idle_ns: 7645041785100000 ns
Jul 28 04:27:32 pi-nix kernel: futex hash table entries: 1024 (order: 4, 65536 bytes, linear)
Jul 28 04:27:32 pi-nix kernel: pinctrl core: initialized pinctrl subsystem
Jul 28 04:27:32 pi-nix kernel: DMI not present or invalid.
Jul 28 04:27:32 pi-nix kernel: NET: Registered PF_NETLINK/PF_ROUTE protocol family
Jul 28 04:27:32 pi-nix kernel: DMA: preallocated 512 KiB GFP_KERNEL pool for atomic allocations
Jul 28 04:27:32 pi-nix kernel: DMA: preallocated 512 KiB GFP_KERNEL|GFP_DMA pool for atomic allocations
Jul 28 04:27:32 pi-nix kernel: DMA: preallocated 512 KiB GFP_KERNEL|GFP_DMA32 pool for atomic allocations
Jul 28 04:27:32 pi-nix kernel: audit: initializing netlink subsys (disabled)
Jul 28 04:27:32 pi-nix kernel: audit: type=2000 audit(0.032:1): state=initialized audit_enabled=0 res=1
Jul 28 04:27:32 pi-nix kernel: thermal_sys: Registered thermal governor 'step_wise'
Jul 28 04:27:32 pi-nix kernel: thermal_sys: Registered thermal governor 'power_allocator'
Jul 28 04:27:32 pi-nix kernel: cpuidle: using governor ladder
Jul 28 04:27:32 pi-nix kernel: cpuidle: using governor menu
Jul 28 04:27:32 pi-nix kernel: hw-breakpoint: found 6 breakpoint and 4 watchpoint registers.
Jul 28 04:27:32 pi-nix kernel: ASID allocator initialised with 32768 entries
Jul 28 04:27:32 pi-nix kernel: Serial: AMBA PL011 UART driver
Jul 28 04:27:32 pi-nix kernel: KASLR enabled
Jul 28 04:27:32 pi-nix kernel: HugeTLB: registered 1.00 GiB page size, pre-allocated 0 pages
Jul 28 04:27:32 pi-nix kernel: HugeTLB: 0 KiB vmemmap can be freed for a 1.00 GiB page
Jul 28 04:27:32 pi-nix kernel: HugeTLB: registered 32.0 MiB page size, pre-allocated 0 pages
Jul 28 04:27:32 pi-nix kernel: HugeTLB: 0 KiB vmemmap can be freed for a 32.0 MiB page
Jul 28 04:27:32 pi-nix kernel: HugeTLB: registered 2.00 MiB page size, pre-allocated 0 pages
Jul 28 04:27:32 pi-nix kernel: HugeTLB: 0 KiB vmemmap can be freed for a 2.00 MiB page
Jul 28 04:27:32 pi-nix kernel: HugeTLB: registered 64.0 KiB page size, pre-allocated 0 pages
Jul 28 04:27:32 pi-nix kernel: HugeTLB: 0 KiB vmemmap can be freed for a 64.0 KiB page
Jul 28 04:27:32 pi-nix kernel: ACPI: Interpreter disabled.
Jul 28 04:27:32 pi-nix kernel: iommu: Default domain type: Translated 
Jul 28 04:27:32 pi-nix kernel: iommu: DMA domain TLB invalidation policy: strict mode 
Jul 28 04:27:32 pi-nix kernel: SCSI subsystem initialized
Jul 28 04:27:32 pi-nix kernel: libata version 3.00 loaded.
Jul 28 04:27:32 pi-nix kernel: usbcore: registered new interface driver usbfs
Jul 28 04:27:32 pi-nix kernel: usbcore: registered new interface driver hub
Jul 28 04:27:32 pi-nix kernel: usbcore: registered new device driver usb
Jul 28 04:27:32 pi-nix kernel: usb_phy_generic phy: supply vcc not found, using dummy regulator
Jul 28 04:27:32 pi-nix kernel: usb_phy_generic phy: dummy supplies not allowed for exclusive requests
Jul 28 04:27:32 pi-nix kernel: pps_core: LinuxPPS API ver. 1 registered
Jul 28 04:27:32 pi-nix kernel: pps_core: Software ver. 5.3.6 - Copyright 2005-2007 Rodolfo Giometti <giometti@linux.it>
Jul 28 04:27:32 pi-nix kernel: PTP clock support registered
Jul 28 04:27:32 pi-nix kernel: EDAC MC: Ver: 3.0.0
Jul 28 04:27:32 pi-nix kernel: FPGA manager framework
Jul 28 04:27:32 pi-nix kernel: Advanced Linux Sound Architecture Driver Initialized.
Jul 28 04:27:32 pi-nix kernel: vgaarb: loaded
Jul 28 04:27:32 pi-nix kernel: clocksource: Switched to clocksource arch_sys_counter
Jul 28 04:27:32 pi-nix kernel: VFS: Disk quotas dquot_6.6.0
Jul 28 04:27:32 pi-nix kernel: VFS: Dquot-cache hash table entries: 512 (order 0, 4096 bytes)
Jul 28 04:27:32 pi-nix kernel: pnp: PnP ACPI: disabled
Jul 28 04:27:32 pi-nix kernel: NET: Registered PF_INET protocol family
Jul 28 04:27:32 pi-nix kernel: IP idents hash table entries: 65536 (order: 7, 524288 bytes, linear)
Jul 28 04:27:32 pi-nix kernel: tcp_listen_portaddr_hash hash table entries: 2048 (order: 3, 32768 bytes, linear)
Jul 28 04:27:32 pi-nix kernel: Table-perturb hash table entries: 65536 (order: 6, 262144 bytes, linear)
Jul 28 04:27:32 pi-nix kernel: TCP established hash table entries: 32768 (order: 6, 262144 bytes, linear)
Jul 28 04:27:32 pi-nix kernel: TCP bind hash table entries: 32768 (order: 8, 1048576 bytes, linear)
Jul 28 04:27:32 pi-nix kernel: TCP: Hash tables configured (established 32768 bind 32768)
Jul 28 04:27:32 pi-nix kernel: MPTCP token hash table entries: 4096 (order: 4, 98304 bytes, linear)
Jul 28 04:27:32 pi-nix kernel: UDP hash table entries: 2048 (order: 4, 65536 bytes, linear)
Jul 28 04:27:32 pi-nix kernel: UDP-Lite hash table entries: 2048 (order: 4, 65536 bytes, linear)
Jul 28 04:27:32 pi-nix kernel: NET: Registered PF_UNIX/PF_LOCAL protocol family
Jul 28 04:27:32 pi-nix kernel: RPC: Registered named UNIX socket transport module.
Jul 28 04:27:32 pi-nix kernel: RPC: Registered udp transport module.
Jul 28 04:27:32 pi-nix kernel: RPC: Registered tcp transport module.
Jul 28 04:27:32 pi-nix kernel: RPC: Registered tcp NFSv4.1 backchannel transport module.
Jul 28 04:27:32 pi-nix kernel: NET: Registered PF_XDP protocol family
Jul 28 04:27:32 pi-nix kernel: PCI: CLS 0 bytes, default 64
Jul 28 04:27:32 pi-nix kernel: Trying to unpack rootfs image as initramfs...
Jul 28 04:27:32 pi-nix kernel: hw perfevents: enabled with armv8_cortex_a72 PMU driver, 7 counters available
Jul 28 04:27:32 pi-nix kernel: kvm [1]: IPA Size Limit: 44 bits
Jul 28 04:27:32 pi-nix kernel: kvm [1]: vgic interrupt IRQ9
Jul 28 04:27:32 pi-nix kernel: kvm [1]: Hyp mode initialized successfully
Jul 28 04:27:32 pi-nix kernel: Initialise system trusted keyrings
Jul 28 04:27:32 pi-nix kernel: workingset: timestamp_bits=42 max_order=20 bucket_order=0
Jul 28 04:27:32 pi-nix kernel: zbud: loaded
Jul 28 04:27:32 pi-nix kernel: squashfs: version 4.0 (2009/01/31) Phillip Lougher
Jul 28 04:27:32 pi-nix kernel: NFS: Registering the id_resolver key type
Jul 28 04:27:32 pi-nix kernel: Key type id_resolver registered
Jul 28 04:27:32 pi-nix kernel: Key type id_legacy registered
Jul 28 04:27:32 pi-nix kernel: nfs4filelayout_init: NFSv4 File Layout Driver Registering...
Jul 28 04:27:32 pi-nix kernel: nfs4flexfilelayout_init: NFSv4 Flexfile Layout Driver Registering...
Jul 28 04:27:32 pi-nix kernel: 9p: Installing v9fs 9p2000 file system support
Jul 28 04:27:32 pi-nix kernel: Key type asymmetric registered
Jul 28 04:27:32 pi-nix kernel: Asymmetric key parser 'x509' registered
Jul 28 04:27:32 pi-nix kernel: Freeing initrd memory: 9016K
Jul 28 04:27:32 pi-nix kernel: alg: self-tests for CTR-KDF (hmac(sha256)) passed
Jul 28 04:27:32 pi-nix kernel: Block layer SCSI generic (bsg) driver version 0.4 loaded (major 245)
Jul 28 04:27:32 pi-nix kernel: io scheduler mq-deadline registered
Jul 28 04:27:32 pi-nix kernel: io scheduler kyber registered
Jul 28 04:27:32 pi-nix kernel: irq_brcmstb_l2: registered L2 intc (/soc/interrupt-controller@7ef00100, parent irq: 18)
Jul 28 04:27:32 pi-nix kernel: simple-framebuffer 3eaa9000.framebuffer: framebuffer at 0x3eaa9000, 0x151800 bytes
Jul 28 04:27:32 pi-nix kernel: simple-framebuffer 3eaa9000.framebuffer: format=a8r8g8b8, mode=720x480x32, linelength=2880
Jul 28 04:27:32 pi-nix kernel: fbcon: Deferring console take-over
Jul 28 04:27:32 pi-nix kernel: simple-framebuffer 3eaa9000.framebuffer: fb0: simplefb registered!
Jul 28 04:27:32 pi-nix kernel: EINJ: ACPI disabled.
Jul 28 04:27:32 pi-nix kernel: Serial: 8250/16550 driver, 4 ports, IRQ sharing enabled
Jul 28 04:27:32 pi-nix kernel: fe215040.serial: ttyS1 at MMIO 0xfe215040 (irq = 29, base_baud = 62499999) is a 16550
Jul 28 04:27:32 pi-nix kernel: printk: console [ttyS1] enabled
Jul 28 04:27:32 pi-nix kernel: SuperH (H)SCI(F) driver initialized
Jul 28 04:27:32 pi-nix kernel: msm_serial: driver initialized
Jul 28 04:27:32 pi-nix kernel: loop: module loaded
Jul 28 04:27:32 pi-nix kernel: bcm2835-power bcm2835-power: Broadcom BCM2835 power domains driver
Jul 28 04:27:32 pi-nix kernel: megasas: 07.719.03.00-rc1
Jul 28 04:27:32 pi-nix kernel: tun: Universal TUN/TAP device driver, 1.6
Jul 28 04:27:32 pi-nix kernel: thunder_xcv, ver 1.0
Jul 28 04:27:32 pi-nix kernel: thunder_bgx, ver 1.0
Jul 28 04:27:32 pi-nix kernel: nicpf, ver 1.0
Jul 28 04:27:32 pi-nix kernel: hns3: Hisilicon Ethernet Network Driver for Hip08 Family - version
Jul 28 04:27:32 pi-nix kernel: hns3: Copyright (c) 2017 Huawei Corporation.
Jul 28 04:27:32 pi-nix kernel: hclge is initializing
Jul 28 04:27:32 pi-nix kernel: e1000: Intel(R) PRO/1000 Network Driver
Jul 28 04:27:32 pi-nix kernel: e1000: Copyright (c) 1999-2006 Intel Corporation.
Jul 28 04:27:32 pi-nix kernel: e1000e: Intel(R) PRO/1000 Network Driver
Jul 28 04:27:32 pi-nix kernel: e1000e: Copyright(c) 1999 - 2015 Intel Corporation.
Jul 28 04:27:32 pi-nix kernel: igb: Intel(R) Gigabit Ethernet Network Driver
Jul 28 04:27:32 pi-nix kernel: igb: Copyright (c) 2007-2014 Intel Corporation.
Jul 28 04:27:32 pi-nix kernel: igbvf: Intel(R) Gigabit Virtual Function Network Driver
Jul 28 04:27:32 pi-nix kernel: igbvf: Copyright (c) 2009 - 2012 Intel Corporation.
Jul 28 04:27:32 pi-nix kernel: sky2: driver version 1.30
Jul 28 04:27:32 pi-nix kernel: VFIO - User Level meta-driver version: 0.3
Jul 28 04:27:32 pi-nix kernel: usbcore: registered new interface driver usb-storage
Jul 28 04:27:32 pi-nix kernel: i2c_dev: i2c /dev entries driver
Jul 28 04:27:32 pi-nix kernel: brcmstb-i2c fef04500.i2c:  @97500hz registered in polling mode
Jul 28 04:27:32 pi-nix kernel: brcmstb-i2c fef09500.i2c:  @97500hz registered in polling mode
Jul 28 04:27:32 pi-nix kernel: bcm2835-wdt bcm2835-wdt: Broadcom BCM2835 watchdog timer
Jul 28 04:27:32 pi-nix kernel: sdhci: Secure Digital Host Controller Interface driver
Jul 28 04:27:32 pi-nix kernel: sdhci: Copyright(c) Pierre Ossman
Jul 28 04:27:32 pi-nix kernel: Synopsys Designware Multimedia Card Interface Driver
Jul 28 04:27:32 pi-nix kernel: sdhci-pltfm: SDHCI platform and OF driver helper
Jul 28 04:27:32 pi-nix kernel: ledtrig-cpu: registered to indicate activity on CPUs
Jul 28 04:27:32 pi-nix kernel: hid: raw HID events driver (C) Jiri Kosina
Jul 28 04:27:32 pi-nix kernel: usbcore: registered new interface driver usbhid
Jul 28 04:27:32 pi-nix kernel: usbhid: USB HID core driver
Jul 28 04:27:32 pi-nix kernel: bcm2835-mbox fe00b880.mailbox: mailbox enabled
Jul 28 04:27:32 pi-nix kernel: drop_monitor: Initializing network drop monitor service
Jul 28 04:27:32 pi-nix kernel: NET: Registered PF_INET6 protocol family
Jul 28 04:27:32 pi-nix kernel: Segment Routing with IPv6
Jul 28 04:27:32 pi-nix kernel: In-situ OAM (IOAM) with IPv6
Jul 28 04:27:32 pi-nix kernel: NET: Registered PF_PACKET protocol family
Jul 28 04:27:32 pi-nix kernel: 9pnet: Installing 9P2000 support
Jul 28 04:27:32 pi-nix kernel: Key type dns_resolver registered
Jul 28 04:27:32 pi-nix kernel: registered taskstats version 1
Jul 28 04:27:32 pi-nix kernel: Loading compiled-in X.509 certificates
Jul 28 04:27:32 pi-nix kernel: zswap: loaded using pool lzo/zbud
Jul 28 04:27:32 pi-nix kernel: Key type .fscrypt registered
Jul 28 04:27:32 pi-nix kernel: Key type fscrypt-provisioning registered
Jul 28 04:27:32 pi-nix kernel: fe201000.serial: ttyAMA0 at MMIO 0xfe201000 (irq = 32, base_baud = 0) is a PL011 rev2
Jul 28 04:27:32 pi-nix kernel: serial serial0: tty port ttyAMA0 registered
Jul 28 04:27:32 pi-nix kernel: raspberrypi-firmware soc:firmware: Attached to firmware from 2023-03-17T10:50:39
Jul 28 04:27:32 pi-nix kernel: uart-pl011 fe201000.serial: Failed to create device link (0x180) with soc:firmware:gpio
Jul 28 04:27:32 pi-nix kernel: fbcon: Taking over console
Jul 28 04:27:32 pi-nix kernel: Console: switching to colour frame buffer device 90x30
Jul 28 04:27:32 pi-nix kernel: dwc2 fe980000.usb: supply vusb_d not found, using dummy regulator
Jul 28 04:27:32 pi-nix kernel: dwc2 fe980000.usb: supply vusb_a not found, using dummy regulator
Jul 28 04:27:32 pi-nix kernel: dwc2 fe980000.usb: EPs: 8, dedicated fifos, 4080 entries in SPRAM
Jul 28 04:27:32 pi-nix kernel: sdhci-iproc fe300000.mmc: allocated mmc-pwrseq
Jul 28 04:27:32 pi-nix kernel: mmc0: SDHCI controller on fe300000.mmc [fe300000.mmc] using PIO
Jul 28 04:27:32 pi-nix kernel: mmc1: SDHCI controller on fe340000.mmc [fe340000.mmc] using ADMA
Jul 28 04:27:32 pi-nix kernel: mmc1: new ultra high speed DDR50 SDXC card at address aaaa
Jul 28 04:27:32 pi-nix kernel: mmcblk1: mmc1:aaaa SN64G 59.5 GiB 
Jul 28 04:27:32 pi-nix kernel: mmc0: new high speed SDIO card at address 0001
Jul 28 04:27:32 pi-nix kernel:  mmcblk1: p1 p2
Jul 28 04:27:32 pi-nix kernel: clk: Disabling unused clocks
Jul 28 04:27:32 pi-nix kernel: ALSA device list:
Jul 28 04:27:32 pi-nix kernel:   No soundcards found.
Jul 28 04:27:32 pi-nix kernel: Freeing unused kernel memory: 12032K
Jul 28 04:27:32 pi-nix kernel: Run /init as init process
Jul 28 04:27:32 pi-nix kernel:   with arguments:
Jul 28 04:27:32 pi-nix kernel:     /init
Jul 28 04:27:32 pi-nix kernel:   with environment:
Jul 28 04:27:32 pi-nix kernel:     HOME=/
Jul 28 04:27:32 pi-nix kernel:     TERM=linux
Jul 28 04:27:32 pi-nix stage-1-init: [Thu Jan  1 00:00:01 UTC 1970] loading module dm_mod...
Jul 28 04:27:32 pi-nix kernel: device-mapper: ioctl: 4.47.0-ioctl (2022-07-28) initialised: dm-devel@redhat.com
Jul 28 04:27:32 pi-nix stage-1-init: [Thu Jan  1 00:00:01 UTC 1970] running udev...
Jul 28 04:27:32 pi-nix stage-1-init: [Thu Jan  1 00:00:01 UTC 1970] Starting systemd-udevd version 254.10
Jul 28 04:27:32 pi-nix stage-1-init: [Thu Jan  1 00:00:01 UTC 1970] kbd_mode: KDSKBMODE: Inappropriate ioctl for device
Jul 28 04:27:32 pi-nix stage-1-init: [Thu Jan  1 00:00:01 UTC 1970] starting device mapper and LVM...
Jul 28 04:27:32 pi-nix kernel: random: crng init done
Jul 28 04:27:32 pi-nix stage-1-init: [Thu Jan  1 00:00:03 UTC 1970] checking /dev/disk/by-uuid/44444444-4444-4444-8888-888888888888...
Jul 28 04:27:32 pi-nix stage-1-init: [Thu Jan  1 00:00:03 UTC 1970] fsck (busybox 1.36.1)
Jul 28 04:27:32 pi-nix stage-1-init: [Thu Jan  1 00:00:03 UTC 1970] [fsck.ext4 (1) -- /mnt-root/] fsck.ext4 -a /dev/disk/by-uuid/44444444-4444-4444-8888-888888888888
Jul 28 04:27:32 pi-nix stage-1-init: [Thu Jan  1 00:00:03 UTC 1970] NIXOS_SD: recovering journal
Jul 28 04:27:32 pi-nix stage-1-init: [Thu Jan  1 00:00:03 UTC 1970] NIXOS_SD: clean, 311087/3861312 files, 1770116/15582208 blocks
Jul 28 04:27:32 pi-nix stage-1-init: [Thu Jan  1 00:00:03 UTC 1970] mounting /dev/disk/by-uuid/44444444-4444-4444-8888-888888888888 on /...
Jul 28 04:27:32 pi-nix kernel: EXT4-fs (mmcblk1p2): mounted filesystem with ordered data mode. Quota mode: none.
Jul 28 04:27:32 pi-nix kernel: EXT4-fs (mmcblk1p2): re-mounted. Quota mode: none.
Jul 28 04:27:32 pi-nix kernel: EXT4-fs (mmcblk1p2): re-mounted. Quota mode: none.
Jul 28 04:27:32 pi-nix unknown: booting system configuration /nix/store/rc7kfgavll5ly2xrww5a4rqmy05rrk82-nixos-system-pi-nix-23.11.7870.205fd4226592
Jul 28 04:27:32 pi-nix stage-2-init: running activation script...
Jul 28 04:27:32 pi-nix stage-2-init: setting up /etc...
Jul 28 04:27:32 pi-nix systemd[1]: System time before build time, advancing clock.
Jul 28 04:27:32 pi-nix systemd[1]: systemd 254.10 running in system mode (+PAM +AUDIT -SELINUX +APPARMOR +IMA +SMACK +SECCOMP +GCRYPT -GNUTLS +OPENSSL +ACL +BLKID +CURL +ELFUTILS +FIDO2 +IDN2 -IDN +IPTC +KMOD +LIBCRYPTSETUP +LIBFDISK +PCRE2 -PWQUALITY +P11KIT -QRENCODE +TPM2 +BZIP2 +LZ4 +XZ +ZLIB +ZSTD +BPF_FRAMEWORK -XKBCOMMON +UTMP -SYSVINIT default-hierarchy=unified)
Jul 28 04:27:32 pi-nix systemd[1]: Detected architecture arm64.
Jul 28 04:27:32 pi-nix systemd[1]: Hostname set to <pi-nix>.
Jul 28 04:27:32 pi-nix systemd[1]: bpf-lsm: Failed to link program; assuming BPF LSM is not available
Jul 28 04:27:32 pi-nix systemd[1]: /etc/systemd/system/haveged.service:33: Failed to parse system call, ignoring: newuname
Jul 28 04:27:32 pi-nix systemd[1]: /etc/systemd/system/custom-nat.service:10: Missing '=', ignoring line.
Jul 28 04:27:32 pi-nix systemd[1]: /etc/systemd/system/custom-nat.service:11: Missing '=', ignoring line.
Jul 28 04:27:32 pi-nix systemd[1]: Queued start job for default target Multi-User System.
Jul 28 04:27:32 pi-nix systemd[1]: Created slice Slice /system/getty.
Jul 28 04:27:32 pi-nix systemd[1]: Created slice Slice /system/modprobe.
Jul 28 04:27:32 pi-nix systemd[1]: Created slice Slice /system/serial-getty.
Jul 28 04:27:32 pi-nix systemd[1]: Created slice User and Session Slice.
Jul 28 04:27:32 pi-nix systemd[1]: Started Dispatch Password Requests to Console Directory Watch.
Jul 28 04:27:32 pi-nix systemd[1]: Started Forward Password Requests to Wall Directory Watch.
Jul 28 04:27:32 pi-nix systemd[1]: Expecting device /dev/ttyS1...
Jul 28 04:27:32 pi-nix systemd[1]: Expecting device /sys/subsystem/net/devices/enp1s0u1u2...
Jul 28 04:27:32 pi-nix systemd[1]: Expecting device /sys/subsystem/net/devices/enp1s0u1u4c2...
Jul 28 04:27:32 pi-nix systemd[1]: Expecting device /sys/subsystem/net/devices/wlp1s0u1u4...
Jul 28 04:27:32 pi-nix systemd[1]: Reached target Local Encrypted Volumes.
Jul 28 04:27:32 pi-nix systemd[1]: Reached target Containers.
Jul 28 04:27:32 pi-nix systemd[1]: Reached target Path Units.
Jul 28 04:27:32 pi-nix systemd[1]: Reached target Remote File Systems.
Jul 28 04:27:32 pi-nix systemd[1]: Reached target Slice Units.
Jul 28 04:27:32 pi-nix systemd[1]: Listening on Process Core Dump Socket.
Jul 28 04:27:32 pi-nix systemd[1]: Listening on Journal Socket (/dev/log).
Jul 28 04:27:32 pi-nix systemd[1]: Listening on Journal Socket.
Jul 28 04:27:32 pi-nix systemd[1]: Listening on Userspace Out-Of-Memory (OOM) Killer Socket.
Jul 28 04:27:32 pi-nix systemd[1]: Listening on udev Control Socket.
Jul 28 04:27:32 pi-nix systemd[1]: Listening on udev Kernel Socket.
Jul 28 04:27:32 pi-nix systemd[1]: Mounting Huge Pages File System...
Jul 28 04:27:32 pi-nix systemd[1]: Mounting POSIX Message Queue File System...
Jul 28 04:27:32 pi-nix systemd[1]: Mounting Kernel Debug File System...
Jul 28 04:27:32 pi-nix systemd[1]: Starting Create List of Static Device Nodes...
Jul 28 04:27:32 pi-nix systemd[1]: Starting Load Kernel Module configfs...
Jul 28 04:27:32 pi-nix systemd[1]: Starting Load Kernel Module drm...
Jul 28 04:27:32 pi-nix systemd[1]: Starting Load Kernel Module efi_pstore...
Jul 28 04:27:32 pi-nix systemd[1]: Starting Load Kernel Module fuse...
Jul 28 04:27:32 pi-nix systemd[1]: Starting mount-pstore.service...
Jul 28 04:27:32 pi-nix systemd[1]: Starting Create SUID/SGID Wrappers...
Jul 28 04:27:32 pi-nix kernel: fuse: init (API version 7.37)
Jul 28 04:27:32 pi-nix systemd[1]: File System Check on Root Device was skipped because of an unmet condition check (ConditionPathIsReadWrite=!/).
Jul 28 04:27:32 pi-nix systemd[1]: Starting Load Kernel Modules...
Jul 28 04:27:32 pi-nix systemd[1]: Starting Remount Root and Kernel File Systems...
Jul 28 04:27:32 pi-nix systemd[1]: Starting Coldplug All udev Devices...
Jul 28 04:27:32 pi-nix kernel: EXT4-fs (mmcblk1p2): re-mounted. Quota mode: none.
Jul 28 04:27:32 pi-nix systemd[1]: Mounted Huge Pages File System.
Jul 28 04:27:32 pi-nix kernel: 8021q: 802.1Q VLAN Support v1.8
Jul 28 04:27:32 pi-nix systemd[1]: Mounted POSIX Message Queue File System.
Jul 28 04:27:32 pi-nix systemd[1]: Mounted Kernel Debug File System.
Jul 28 04:27:32 pi-nix systemd[1]: Finished Create List of Static Device Nodes.
Jul 28 04:27:32 pi-nix kernel: bridge: filtering via arp/ip/ip6tables is no longer available by default. Update your scripts to load br_netfilter if you need this.
Jul 28 04:27:32 pi-nix systemd[1]: modprobe@configfs.service: Deactivated successfully.
Jul 28 04:27:32 pi-nix systemd[1]: Finished Load Kernel Module configfs.
Jul 28 04:27:32 pi-nix systemd[1]: modprobe@drm.service: Deactivated successfully.
Jul 28 04:27:32 pi-nix systemd[1]: Finished Load Kernel Module drm.
Jul 28 04:27:32 pi-nix systemd[1]: modprobe@efi_pstore.service: Deactivated successfully.
Jul 28 04:27:32 pi-nix systemd[1]: Finished Load Kernel Module efi_pstore.
Jul 28 04:27:32 pi-nix systemd[1]: modprobe@fuse.service: Deactivated successfully.
Jul 28 04:27:32 pi-nix systemd[1]: Finished Load Kernel Module fuse.
Jul 28 04:27:32 pi-nix systemd[1]: Finished Load Kernel Modules.
Jul 28 04:27:32 pi-nix systemd[1]: Finished Remount Root and Kernel File Systems.
Jul 28 04:27:32 pi-nix systemd[1]: Mounting FUSE Control File System...
Jul 28 04:27:32 pi-nix systemd[1]: Mounting Kernel Configuration File System...
Jul 28 04:27:32 pi-nix systemd[1]: Starting Initialisation of swap device /swapfile...
Jul 28 04:27:32 pi-nix systemd[1]: Starting Load/Save OS Random Seed...
Jul 28 04:27:32 pi-nix systemd[1]: Starting Apply Kernel Variables...
Jul 28 04:27:32 pi-nix systemd[1]: Starting Create Static Device Nodes in /dev gracefully...
Jul 28 04:27:32 pi-nix systemd[1]: Mounted FUSE Control File System.
Jul 28 04:27:32 pi-nix systemd[1]: Mounted Kernel Configuration File System.
Jul 28 04:27:32 pi-nix systemd[1]: mkswap-swapfile.service: Deactivated successfully.
Jul 28 04:27:32 pi-nix systemd[1]: Finished Initialisation of swap device /swapfile.
Jul 28 04:27:32 pi-nix systemd[1]: Finished Load/Save OS Random Seed.
Jul 28 04:27:32 pi-nix systemd[1]: Finished Apply Kernel Variables.
Jul 28 04:27:32 pi-nix systemd[1]: Finished Create Static Device Nodes in /dev gracefully.
Jul 28 04:27:32 pi-nix systemd[1]: Activating swap /swapfile...
Jul 28 04:27:32 pi-nix systemd[1]: Starting Create Static Device Nodes in /dev...
Jul 28 04:27:32 pi-nix kernel: Adding 1048572k swap on /swapfile.  Priority:-2 extents:9 across:5611520k SSFS
Jul 28 04:27:32 pi-nix systemd[1]: Activated swap /swapfile.
Jul 28 04:27:32 pi-nix systemd[1]: suid-sgid-wrappers.service: Deactivated successfully.
Jul 28 04:27:32 pi-nix systemd[1]: Finished Create SUID/SGID Wrappers.
Jul 28 04:27:32 pi-nix systemd[1]: Finished Create Static Device Nodes in /dev.
Jul 28 04:27:32 pi-nix systemd[1]: Reached target Preparation for Local File Systems.
Jul 28 04:27:32 pi-nix systemd[1]: Reached target Local File Systems.
Jul 28 04:27:32 pi-nix systemd[1]: Reached target Swaps.
Jul 28 04:27:32 pi-nix systemd[1]: Entropy Daemon based on the HAVEGE algorithm was skipped because of an unmet condition check (ConditionKernelVersion=<5.6).
Jul 28 04:27:32 pi-nix systemd[1]: Starting Journal Service...
Jul 28 04:27:32 pi-nix systemd[1]: Starting Rule-based Manager for Device Events and Files...
Jul 28 04:27:32 pi-nix systemd-journald[506]: Collecting audit messages is disabled.
Jul 28 04:27:32 pi-nix systemd-journald[506]: Journal started
Jul 28 04:27:32 pi-nix systemd-journald[506]: Runtime Journal (/run/log/journal/86b4bdcaeec94d24a8872288e17386f4) is 8.0M, max 94.2M, 86.2M free.
Jul 28 04:27:31 pi-nix systemd-modules-load[418]: Inserted module '8021q'
Jul 28 04:27:31 pi-nix systemd-modules-load[418]: Inserted module 'bridge'
Jul 28 04:27:31 pi-nix systemd-modules-load[418]: Inserted module 'macvlan'
Jul 28 04:27:31 pi-nix systemd-modules-load[418]: Inserted module 'tap'
Jul 28 04:27:32 pi-nix systemd[1]: Started Journal Service.
Jul 28 04:27:31 pi-nix systemd-modules-load[418]: Module 'tun' is built in
Jul 28 04:27:31 pi-nix systemd-modules-load[418]: Module 'loop' is built in
Jul 28 04:27:31 pi-nix systemd-modules-load[418]: Module 'atkbd' is built in
Jul 28 04:27:31 pi-nix systemd-modules-load[418]: Module 'i2c_dev' is built in
Jul 28 04:27:31 pi-nix systemd-sysctl[472]: Couldn't write '0' to 'net/ipv4/conf/br0/proxy_arp', ignoring: No such file or directory
Jul 28 04:27:31 pi-nix systemd-sysctl[472]: Couldn't write '0' to 'net/ipv4/conf/enp1s0u1u2/proxy_arp', ignoring: No such file or directory
Jul 28 04:27:31 pi-nix systemd-sysctl[472]: Couldn't write '0' to 'net/ipv4/conf/enp1s0u1u4c2/proxy_arp', ignoring: No such file or directory
Jul 28 04:27:31 pi-nix systemd-sysctl[472]: Couldn't write '2' to 'net/ipv6/conf/br0/use_tempaddr', ignoring: No such file or directory
Jul 28 04:27:31 pi-nix systemd-sysctl[472]: Couldn't write '2' to 'net/ipv6/conf/enp1s0u1u2/use_tempaddr', ignoring: No such file or directory
Jul 28 04:27:31 pi-nix systemd-sysctl[472]: Couldn't write '2' to 'net/ipv6/conf/enp1s0u1u4c2/use_tempaddr', ignoring: No such file or directory
Jul 28 04:27:32 pi-nix systemd-udevd[507]: Using default interface naming scheme 'v253'.
Jul 28 04:27:32 pi-nix systemd[1]: Starting Flush Journal to Persistent Storage...
Jul 28 04:27:32 pi-nix systemd[1]: Started Rule-based Manager for Device Events and Files.
Jul 28 04:27:32 pi-nix systemd-journald[506]: Time spent on flushing to /var/log/journal/86b4bdcaeec94d24a8872288e17386f4 is 27.047ms for 391 entries.
Jul 28 04:27:32 pi-nix systemd-journald[506]: System Journal (/var/log/journal/86b4bdcaeec94d24a8872288e17386f4) is 538.0M, max 4.0G, 3.4G free.
Jul 28 04:27:32 pi-nix systemd-journald[506]: Received client request to flush runtime journal.
Jul 28 04:27:32 pi-nix systemd-journald[506]: File /var/log/journal/86b4bdcaeec94d24a8872288e17386f4/system.journal corrupted or uncleanly shut down, renaming and replacing.
Jul 28 04:27:32 pi-nix systemd[1]: Finished Coldplug All udev Devices.
Jul 28 04:27:32 pi-nix systemd[1]: Finished Flush Journal to Persistent Storage.
Jul 28 04:27:32 pi-nix systemd[1]: Found device /dev/ttyS1.
Jul 28 04:27:32 pi-nix systemd[1]: Starting Create Volatile Files and Directories...
Jul 28 04:27:33 pi-nix systemd[1]: Finished Create Volatile Files and Directories.
Jul 28 04:27:33 pi-nix systemd[1]: Rebuild Journal Catalog was skipped because of an unmet condition check (ConditionNeedsUpdate=/var).
Jul 28 04:27:33 pi-nix systemd[1]: Starting Userspace Out-Of-Memory (OOM) Killer...
Jul 28 04:27:33 pi-nix systemd[1]: Starting Network Time Synchronization...
Jul 28 04:27:33 pi-nix systemd[1]: Update is Completed was skipped because no trigger condition checks were met.
Jul 28 04:27:33 pi-nix systemd[1]: Starting Record System Boot/Shutdown in UTMP...
Jul 28 04:27:33 pi-nix gvdrirrghy9vfgvx7dyh5hg6m39yradv-mount-pstore.sh[442]: Persistent Storage backend was not registered in time.
Jul 28 04:27:33 pi-nix systemd[1]: Finished mount-pstore.service.
Jul 28 04:27:33 pi-nix systemd[1]: Platform Persistent Storage Archival was skipped because of an unmet condition check (ConditionDirectoryNotEmpty=/sys/fs/pstore).
Jul 28 04:27:33 pi-nix systemd[1]: Finished Record System Boot/Shutdown in UTMP.
Jul 28 04:27:33 pi-nix systemd[1]: Started Userspace Out-Of-Memory (OOM) Killer.
Sep 24 02:56:09 pi-nix systemd-timesyncd[588]: System clock time unset or jumped backwards, restored from recorded timestamp: Tue 2024-09-24 02:56:09 CDT
Sep 24 02:56:09 pi-nix kernel: iproc-rng200 fe104000.rng: hwrng registered
Sep 24 02:56:09 pi-nix kernel: brcm-pcie fd500000.pcie: host bridge /scb/pcie@7d500000 ranges:
Sep 24 02:56:09 pi-nix kernel: brcm-pcie fd500000.pcie:   No bus range found for /scb/pcie@7d500000, using [bus 00-ff]
Sep 24 02:56:09 pi-nix kernel: brcm-pcie fd500000.pcie:      MEM 0x0600000000..0x0603ffffff -> 0x00f8000000
Sep 24 02:56:09 pi-nix kernel: brcm-pcie fd500000.pcie:   IB MEM 0x0000000000..0x00ffffffff -> 0x0400000000
Sep 24 02:56:09 pi-nix kernel: brcm-pcie fd500000.pcie: PCI host bridge to bus 0000:00
Sep 24 02:56:09 pi-nix kernel: pci_bus 0000:00: root bus resource [bus 00-ff]
Sep 24 02:56:10 pi-nix kernel: pci_bus 0000:00: root bus resource [mem 0x600000000-0x603ffffff] (bus address [0xf8000000-0xfbffffff])
Sep 24 02:56:10 pi-nix kernel: pci 0000:00:00.0: [14e4:2711] type 01 class 0x060400
Sep 24 02:56:10 pi-nix kernel: pci 0000:00:00.0: PME# supported from D0 D3hot
Sep 24 02:56:10 pi-nix systemd-journald[506]: Failed to read journal file /var/log/journal/86b4bdcaeec94d24a8872288e17386f4/user-1000.journal for rotation, trying to move it out of the way: Device or resource busy
Sep 24 02:56:10 pi-nix kernel: vchiq: module is from the staging directory, the quality is unknown, you have been warned.
Sep 24 02:56:10 pi-nix kernel: pci_bus 0000:01: supply vpcie3v3 not found, using dummy regulator
Sep 24 02:56:10 pi-nix kernel: pci_bus 0000:01: supply vpcie3v3aux not found, using dummy regulator
Sep 24 02:56:10 pi-nix kernel: pci_bus 0000:01: supply vpcie12v not found, using dummy regulator
Sep 24 02:56:10 pi-nix kernel: brcm-pcie fd500000.pcie: link up, 5.0 GT/s PCIe x1 (SSC)
Sep 24 02:56:10 pi-nix kernel: pci 0000:01:00.0: [1106:3483] type 00 class 0x0c0330
Sep 24 02:56:10 pi-nix kernel: pci 0000:01:00.0: reg 0x10: [mem 0x00000000-0x00000fff 64bit]
Sep 24 02:56:10 pi-nix kernel: pci 0000:01:00.0: PME# supported from D0 D3hot
Sep 24 02:56:10 pi-nix kernel: pci 0000:00:00.0: BAR 14: assigned [mem 0x600000000-0x6000fffff]
Sep 24 02:56:10 pi-nix kernel: pci 0000:01:00.0: BAR 0: assigned [mem 0x600000000-0x600000fff 64bit]
Sep 24 02:56:10 pi-nix kernel: pci 0000:00:00.0: PCI bridge to [bus 01]
Sep 24 02:56:10 pi-nix kernel: pci 0000:00:00.0:   bridge window [mem 0x600000000-0x6000fffff]
Sep 24 02:56:10 pi-nix kernel: pcieport 0000:00:00.0: enabling device (0000 -> 0002)
Sep 24 02:56:10 pi-nix kernel: pcieport 0000:00:00.0: PME: Signaling with IRQ 36
Sep 24 02:56:10 pi-nix kernel: bcmgenet fd580000.ethernet: GENET 5.0 EPHY: 0x0000
Sep 24 02:56:10 pi-nix kernel: pcieport 0000:00:00.0: AER: enabled with IRQ 36
Sep 24 02:56:10 pi-nix kernel: unimac-mdio unimac-mdio.-19: Broadcom UniMAC MDIO bus
Sep 24 02:56:09 pi-nix systemd[1]: Started Network Time Synchronization.
Sep 24 02:56:09 pi-nix dhcpcd[596]: dhcpcd-9.4.1 starting
Sep 24 02:56:09 pi-nix systemd[1]: Reached target System Initialization.
Sep 24 02:56:10 pi-nix dhcpcd[611]: dev: loaded udev
Sep 24 02:56:09 pi-nix systemd[1]: Started logrotate.timer.
Sep 24 02:56:10 pi-nix dhcpcd[611]: DUID 00:01:00:01:2c:56:46:8a:d8:3a:dd:fc:e6:73
Sep 24 02:56:10 pi-nix hca0vdmwhmxawjs88zmnajchpjpy3p40-audit-disable[597]: No rules
Sep 24 02:56:09 pi-nix systemd[1]: Started Daily Cleanup of Temporary Directories.
Sep 24 02:56:10 pi-nix logrotate[598]: warning: logrotate in debug mode does nothing except printing debug messages!  Consider using verbose mode (-v) instead if this is not what you want.
Sep 24 02:56:10 pi-nix logrotate[598]: reading config file /nix/store/s49va3dh462vlnxwnjacbgb6a9pg3mdb-logrotate.conf
Sep 24 02:56:10 pi-nix logrotate[598]: note: 'monthly' overrides previously specified 'weekly'
Sep 24 02:56:10 pi-nix logrotate[598]: Reading state from file: /var/lib/logrotate.status
Sep 24 02:56:10 pi-nix logrotate[598]: Allocating hash table for state file, size 64 entries
Sep 24 02:56:10 pi-nix logrotate[598]: Creating new state
Sep 24 02:56:10 pi-nix logrotate[598]: Creating new state
Sep 24 02:56:10 pi-nix logrotate[598]: Handling 2 logs
Sep 24 02:56:10 pi-nix logrotate[598]: rotating pattern: "/var/log/btmp"  monthly (1 rotations)
Sep 24 02:56:10 pi-nix logrotate[598]: empty log files are not rotated, only log files >= 1048576 bytes are rotated, old logs are removed
Sep 24 02:56:10 pi-nix logrotate[598]: considering log /var/log/btmp
Sep 24 02:56:10 pi-nix logrotate[598]:   Now: 2024-09-24 02:56
Sep 24 02:56:10 pi-nix logrotate[598]:   Last rotated at 2024-08-07 07:00
Sep 24 02:56:10 pi-nix logrotate[598]:   log does not need rotating ('minsize' directive is used and the log size is smaller than the minsize value)
Sep 24 02:56:10 pi-nix logrotate[598]: rotating pattern: "/var/log/wtmp"  monthly (1 rotations)
Sep 24 02:56:10 pi-nix logrotate[598]: empty log files are not rotated, only log files >= 1048576 bytes are rotated, old logs are removed
Sep 24 02:56:10 pi-nix logrotate[598]: considering log /var/log/wtmp
Sep 24 02:56:10 pi-nix logrotate[598]:   Now: 2024-09-24 02:56
Sep 24 02:56:10 pi-nix logrotate[598]:   Last rotated at 2024-08-07 07:00
Sep 24 02:56:10 pi-nix logrotate[598]:   log does not need rotating ('minsize' directive is used and the log size is smaller than the minsize value)
Sep 24 02:56:09 pi-nix systemd[1]: Reached target Timer Units.
Sep 24 02:56:09 pi-nix systemd[1]: Listening on D-Bus System Message Bus Socket.
Sep 24 02:56:10 pi-nix nsncd[614]: Sep 24 07:56:10.140 INFO started, config: Config { ignored_request_types: {}, worker_count: 8, handoff_timeout: 3s }, path: "/var/run/nscd/socket"
Sep 24 02:56:09 pi-nix systemd[1]: Listening on Nix Daemon Socket.
Sep 24 02:56:09 pi-nix systemd[1]: Reached target Socket Units.
Sep 24 02:56:10 pi-nix kernel: cfg80211: Loading compiled-in X.509 certificates for regulatory database
Sep 24 02:56:09 pi-nix systemd[1]: Reached target Basic System.
Sep 24 02:56:10 pi-nix wpa_supplicant-start[621]: Waiting for wireless interfaces
Sep 24 02:56:09 pi-nix systemd[1]: System is tainted: support-ended
Sep 24 02:56:09 pi-nix systemd[1]: Starting Kernel Auditing...
Sep 24 02:56:09 pi-nix systemd[1]: Starting DHCP Client...
Sep 24 02:56:09 pi-nix systemd[1]: Starting Logrotate configuration check...
Sep 24 02:56:09 pi-nix systemd[1]: Starting Name Service Cache Daemon (nsncd)...
Sep 24 02:56:10 pi-nix systemd[1]: Started Reset console on configuration changes.
Sep 24 02:56:10 pi-nix systemd[1]: Starting resolvconf update...
Sep 24 02:56:10 pi-nix systemd[1]: Started Temperature Sensor Server.
Sep 24 02:56:10 pi-nix systemd[1]: Started WPA Supplicant instance.
Sep 24 02:56:10 pi-nix systemd[1]: Finished Kernel Auditing.
Sep 24 02:56:10 pi-nix systemd[1]: Started Name Service Cache Daemon (nsncd).
Sep 24 02:56:10 pi-nix systemd[1]: Finished Logrotate configuration check.
Sep 24 02:56:10 pi-nix systemd[1]: Reached target Host and Network Name Lookups.
Sep 24 02:56:10 pi-nix systemd[1]: Reached target User and Group Name Lookups.
Sep 24 02:56:10 pi-nix systemd[1]: Starting D-Bus System Message Bus...
Sep 24 02:56:10 pi-nix systemd[1]: Starting User Login Management...
Sep 24 02:56:10 pi-nix systemd-timesyncd[588]: Network configuration changed, trying to establish connection.
Sep 24 02:56:10 pi-nix kernel: cfg80211: Loaded X.509 cert 'sforshee: 00b28ddf47aef9cea7'
Sep 24 02:56:10 pi-nix kernel: cfg80211: Loaded X.509 cert 'wens: 61c038651aabdcf94bd0ac7ff06c7248db18c600'
Sep 24 02:56:10 pi-nix dhcpcd[611]: no valid interfaces found
Sep 24 02:56:10 pi-nix dhcpcd[596]: no valid interfaces found
Sep 24 02:56:10 pi-nix kernel: [drm] Initialized v3d 1.0.0 20180419 for fec00000.gpu on minor 0
Sep 24 02:56:10 pi-nix kernel: Console: switching to colour dummy device 80x25
Sep 24 02:56:10 pi-nix kernel: vc4-drm gpu: bound fe400000.hvs (ops vc4_hvs_ops [vc4])
Sep 24 02:56:11 pi-nix kernel: vc4-drm gpu: bound fef00700.hdmi (ops vc4_hdmi_ops [vc4])
Sep 24 02:56:11 pi-nix kernel: vc4-drm gpu: bound fef05700.hdmi (ops vc4_hdmi_ops [vc4])
Sep 24 02:56:11 pi-nix kernel: vc4-drm gpu: bound fe004000.txp (ops vc4_txp_ops [vc4])
Sep 24 02:56:11 pi-nix kernel: vc4-drm gpu: bound fe206000.pixelvalve (ops vc4_crtc_ops [vc4])
Sep 24 02:56:11 pi-nix kernel: vc4-drm gpu: bound fe207000.pixelvalve (ops vc4_crtc_ops [vc4])
Sep 24 02:56:11 pi-nix kernel: vc4-drm gpu: bound fe20a000.pixelvalve (ops vc4_crtc_ops [vc4])
Sep 24 02:56:11 pi-nix kernel: vc4-drm gpu: bound fe216000.pixelvalve (ops vc4_crtc_ops [vc4])
Sep 24 02:56:11 pi-nix kernel: snd_bcm2835: module is from the staging directory, the quality is unknown, you have been warned.
Sep 24 02:56:11 pi-nix kernel: [drm] Initialized vc4 0.0.0 20140616 for gpu on minor 1
Sep 24 02:56:11 pi-nix kernel: Bluetooth: Core ver 2.22
Sep 24 02:56:11 pi-nix kernel: NET: Registered PF_BLUETOOTH protocol family
Sep 24 02:56:11 pi-nix kernel: Bluetooth: HCI device and connection manager initialized
Sep 24 02:56:11 pi-nix kernel: Bluetooth: HCI socket layer initialized
Sep 24 02:56:11 pi-nix kernel: Bluetooth: L2CAP socket layer initialized
Sep 24 02:56:11 pi-nix kernel: Bluetooth: SCO socket layer initialized
Sep 24 02:56:11 pi-nix kernel: brcmfmac: brcmf_fw_alloc_request: using brcm/brcmfmac43455-sdio for chip BCM4345/6
Sep 24 02:56:11 pi-nix kernel: mc: Linux media interface: v0.10
Sep 24 02:56:11 pi-nix kernel: bcmgenet fd580000.ethernet end0: renamed from eth0
Sep 24 02:56:11 pi-nix kernel: usbcore: registered new interface driver brcmfmac
Sep 24 02:56:11 pi-nix kernel: bcm2835_audio bcm2835_audio: card created with 8 channels
Sep 24 02:56:11 pi-nix kernel: videodev: Linux video capture interface: v2.00
Sep 24 02:56:11 pi-nix kernel: Bluetooth: HCI UART driver ver 2.3
Sep 24 02:56:11 pi-nix kernel: Bluetooth: HCI UART protocol H4 registered
Sep 24 02:56:11 pi-nix kernel: Bluetooth: HCI UART protocol BCSP registered
Sep 24 02:56:11 pi-nix kernel: Bluetooth: HCI UART protocol LL registered
Sep 24 02:56:11 pi-nix kernel: Bluetooth: HCI UART protocol Broadcom registered
Sep 24 02:56:11 pi-nix kernel: Bluetooth: HCI UART protocol QCA registered
Sep 24 02:56:11 pi-nix kernel: Bluetooth: HCI UART protocol Marvell registered
Sep 24 02:56:11 pi-nix kernel: xhci_hcd 0000:01:00.0: xHCI Host Controller
Sep 24 02:56:11 pi-nix kernel: xhci_hcd 0000:01:00.0: new USB bus registered, assigned bus number 1
Sep 24 02:56:11 pi-nix kernel: xhci_hcd 0000:01:00.0: hcc params 0x002841eb hci version 0x100 quirks 0x0000000000000890
Sep 24 02:56:11 pi-nix kernel: xhci_hcd 0000:01:00.0: xHCI Host Controller
Sep 24 02:56:11 pi-nix kernel: xhci_hcd 0000:01:00.0: new USB bus registered, assigned bus number 2
Sep 24 02:56:11 pi-nix kernel: xhci_hcd 0000:01:00.0: Host supports USB 3.0 SuperSpeed
Sep 24 02:56:11 pi-nix kernel: hub 1-0:1.0: USB hub found
Sep 24 02:56:11 pi-nix kernel: hub 1-0:1.0: 1 port detected
Sep 24 02:56:11 pi-nix kernel: hci_uart_bcm serial0-0: supply vbat not found, using dummy regulator
Sep 24 02:56:11 pi-nix kernel: hci_uart_bcm serial0-0: supply vddio not found, using dummy regulator
Sep 24 02:56:11 pi-nix kernel: Console: switching to colour frame buffer device 128x37
Sep 24 02:56:11 pi-nix kernel: vc4-drm gpu: [drm] fb0: vc4drmfb frame buffer device
Sep 24 02:56:11 pi-nix kernel: hub 2-0:1.0: USB hub found
Sep 24 02:56:11 pi-nix kernel: hub 2-0:1.0: 4 ports detected
Sep 24 02:56:11 pi-nix kernel: uart-pl011 fe201000.serial: no DMA platform data
Sep 24 02:56:11 pi-nix kernel: bcmgenet fd580000.ethernet: configuring instance for external RGMII (RX delay)
Sep 24 02:56:11 pi-nix kernel: bcmgenet fd580000.ethernet end0: Link is Down
Sep 24 02:56:11 pi-nix kernel: brcmfmac: brcmf_c_preinit_dcmds: Firmware: BCM4345/6 wl0: Nov  1 2021 00:37:25 version 7.45.241 (1a2f2fa CY) FWID 01-703fd60
Sep 24 02:56:10 pi-nix dbus-daemon[652]: [system] Successfully activated service 'org.freedesktop.systemd1'
Sep 24 02:56:10 pi-nix systemd[1]: Starting Virtual Console Setup...
Sep 24 02:56:11 pi-nix dhcpcd[611]: end0: waiting for carrier
Sep 24 02:56:10 pi-nix systemd[1]: Finished resolvconf update.
Sep 24 02:56:11 pi-nix dhcpcd[611]: end0: waiting for carrier
Sep 24 02:56:10 pi-nix systemd[1]: Started D-Bus System Message Bus.
Sep 24 02:56:10 pi-nix systemd-logind[662]: New seat seat0.
Sep 24 02:56:10 pi-nix systemd[1]: Started User Login Management.
Sep 24 02:56:10 pi-nix systemd[1]: Reached target Preparation for Network.
Sep 24 02:56:10 pi-nix systemd[1]: Reached target All Network Interfaces (deprecated).
Sep 24 02:56:10 pi-nix systemd[1]: Listening on Load/Save RF Kill Switch Status /dev/rfkill Watch.
Sep 24 02:56:10 pi-nix systemd[1]: systemd-vconsole-setup.service: Deactivated successfully.
Sep 24 02:56:10 pi-nix systemd[1]: Stopped Virtual Console Setup.
Sep 24 02:56:11 pi-nix systemd[1]: Reached target Sound Card.
Sep 24 02:56:11 pi-nix systemd[1]: Starting Virtual Console Setup...
Sep 24 02:56:11 pi-nix systemd[1]: Starting Load/Save RF Kill Switch Status...
Sep 24 02:56:11 pi-nix systemd[1]: Started Load/Save RF Kill Switch Status.
Sep 24 02:56:11 pi-nix kernel: bcm2835_mmal_vchiq: module is from the staging directory, the quality is unknown, you have been warned.
Sep 24 02:56:11 pi-nix kernel: bcm2835_v4l2: module is from the staging directory, the quality is unknown, you have been warned.
Sep 24 02:56:11 pi-nix systemd[1]: Finished Virtual Console Setup.
Sep 24 02:56:11 pi-nix kernel: usb 1-1: new high-speed USB device number 2 using xhci_hcd
Sep 24 02:56:11 pi-nix systemd[1]: Reached target Bluetooth Support.
Sep 24 02:56:11 pi-nix systemd[1]: Stopping WPA Supplicant instance...
Sep 24 02:56:11 pi-nix python3[620]: Server listening on 0.0.0.0:12345
Sep 24 02:56:11 pi-nix systemd[1]: wpa_supplicant.service: Deactivated successfully.
Sep 24 02:56:11 pi-nix systemd[1]: Stopped WPA Supplicant instance.
Sep 24 02:56:11 pi-nix kernel: Bluetooth: hci0: BCM: chip id 107
Sep 24 02:56:11 pi-nix kernel: Bluetooth: hci0: BCM: features 0x2f
Sep 24 02:56:11 pi-nix kernel: Bluetooth: hci0: BCM4345C0
Sep 24 02:56:11 pi-nix kernel: Bluetooth: hci0: BCM4345C0 (003.001.025) build 0000
Sep 24 02:56:11 pi-nix kernel: Bluetooth: hci0: BCM4345C0 'brcm/BCM4345C0.hcd' Patch
Sep 24 02:56:11 pi-nix systemd[1]: Started WPA Supplicant instance.
Sep 24 02:56:11 pi-nix wpa_supplicant-start[755]: Adding interface wlan0
Sep 24 02:56:11 pi-nix kernel: hub 1-1:1.0: USB hub found
Sep 24 02:56:11 pi-nix kernel: hub 1-1:1.0: 4 ports detected
Sep 24 02:56:11 pi-nix dhcpcd[611]: wlan0: waiting for carrier
Sep 24 02:56:11 pi-nix wpa_supplicant[755]: Successfully initialized wpa_supplicant
Sep 24 02:56:11 pi-nix kernel: usb 1-1.3: new full-speed USB device number 3 using xhci_hcd
Sep 24 02:56:11 pi-nix kernel: input:   mini keyboard as /devices/platform/scb/fd500000.pcie/pci0000:00/0000:00:00.0/0000:01:00.0/usb1/1-1/1-1.3/1-1.3:1.0/0003:1997:2433.0001/input/input0
Sep 24 02:56:11 pi-nix kernel: hid-generic 0003:1997:2433.0001: input,hidraw0: USB HID v1.01 Keyboard [  mini keyboard] on usb-0000:01:00.0-1.3/input0
Sep 24 02:56:11 pi-nix kernel: input:   mini keyboard Mouse as /devices/platform/scb/fd500000.pcie/pci0000:00/0000:00:00.0/0000:01:00.0/usb1/1-1/1-1.3/1-1.3:1.1/0003:1997:2433.0002/input/input1
Sep 24 02:56:11 pi-nix kernel: input:   mini keyboard System Control as /devices/platform/scb/fd500000.pcie/pci0000:00/0000:00:00.0/0000:01:00.0/usb1/1-1/1-1.3/1-1.3:1.1/0003:1997:2433.0002/input/input2
Sep 24 02:56:11 pi-nix kernel: input:   mini keyboard Consumer Control as /devices/platform/scb/fd500000.pcie/pci0000:00/0000:00:00.0/0000:01:00.0/usb1/1-1/1-1.3/1-1.3:1.1/0003:1997:2433.0002/input/input3
Sep 24 02:56:11 pi-nix kernel: hid-generic 0003:1997:2433.0002: input,hidraw1: USB HID v1.01 Mouse [  mini keyboard] on usb-0000:01:00.0-1.3/input1
Sep 24 02:56:12 pi-nix kernel: usb 1-1.4: new high-speed USB device number 4 using xhci_hcd
Sep 24 02:56:12 pi-nix kernel: Bluetooth: hci0: BCM: features 0x2f
Sep 24 02:56:12 pi-nix kernel: Bluetooth: hci0: BCM43455 37.4MHz Raspberry Pi 3+-0190
Sep 24 02:56:12 pi-nix kernel: Bluetooth: hci0: BCM4345C0 (003.001.025) build 0382
Sep 24 02:56:12 pi-nix kernel: mousedev: PS/2 mouse device common for all mice
Sep 24 02:56:12 pi-nix kernel: usbcore: registered new interface driver cdc_ether
Sep 24 02:56:12 pi-nix systemd-logind[662]: Watching system buttons on /dev/input/event3 (  mini keyboard Consumer Control)
Sep 24 02:56:12 pi-nix systemd-logind[662]: Watching system buttons on /dev/input/event2 (  mini keyboard System Control)
Sep 24 02:56:12 pi-nix systemd-logind[662]: Watching system buttons on /dev/input/event0 (  mini keyboard)
Sep 24 02:56:12 pi-nix kernel: cdc_ncm 1-1.4:2.0: MAC-Address: a0:ce:c8:bb:68:56
Sep 24 02:56:12 pi-nix kernel: cdc_ncm 1-1.4:2.0: setting rx_max = 16384
Sep 24 02:56:12 pi-nix kernel: cdc_ncm 1-1.4:2.0: setting tx_max = 16384
Sep 24 02:56:12 pi-nix kernel: cdc_ncm 1-1.4:2.0 eth0: register 'cdc_ncm' at usb-0000:01:00.0-1.4, CDC NCM (NO ZLP), a0:ce:c8:bb:68:56
Sep 24 02:56:12 pi-nix kernel: usbcore: registered new interface driver cdc_ncm
Sep 24 02:56:12 pi-nix kernel: usbcore: registered new interface driver cdc_wdm
Sep 24 02:56:12 pi-nix kernel: usbcore: registered new interface driver cdc_mbim
Sep 24 02:56:12 pi-nix kernel: cdc_ncm 1-1.4:2.0 enp1s0u1u4c2: renamed from eth0
Sep 24 02:56:12 pi-nix systemd[1]: Found device AX88179 Gigabit Ethernet.
Sep 24 02:56:12 pi-nix systemd[1]: Starting Address configuration of enp1s0u1u4c2...
Sep 24 02:56:12 pi-nix systemd[1]: Finished Address configuration of enp1s0u1u4c2.
Sep 24 02:56:15 pi-nix kernel: IPv6: ADDRCONF(NETDEV_CHANGE): enp1s0u1u4c2: link becomes ready
Sep 24 02:56:16 pi-nix systemd[1]: systemd-rfkill.service: Deactivated successfully.
Sep 24 02:56:40 pi-nix dhcpcd[611]: timed out
Sep 24 02:56:40 pi-nix systemd[1]: Started DHCP Client.
Sep 24 02:57:36 pi-nix systemd[1]: sys-subsystem-net-devices-enp1s0u1u2.device: Job sys-subsystem-net-devices-enp1s0u1u2.device/start timed out.
Sep 24 02:57:36 pi-nix systemd[1]: Timed out waiting for device /sys/subsystem/net/devices/enp1s0u1u2.
Sep 24 02:57:36 pi-nix systemd[1]: Dependency failed for Address configuration of enp1s0u1u2.
Sep 24 02:57:36 pi-nix systemd[1]: network-addresses-enp1s0u1u2.service: Job network-addresses-enp1s0u1u2.service/start failed with result 'dependency'.
Sep 24 02:57:36 pi-nix systemd[1]: Dependency failed for Bridge Interface br0.
Sep 24 02:57:36 pi-nix systemd[1]: Dependency failed for Address configuration of br0.
Sep 24 02:57:36 pi-nix systemd[1]: network-addresses-br0.service: Job network-addresses-br0.service/start failed with result 'dependency'.
Sep 24 02:57:36 pi-nix systemd[1]: br0-netdev.service: Job br0-netdev.service/start failed with result 'dependency'.
Sep 24 02:57:36 pi-nix systemd[1]: sys-subsystem-net-devices-enp1s0u1u2.device: Job sys-subsystem-net-devices-enp1s0u1u2.device/start failed with result 'timeout'.
Sep 24 02:57:36 pi-nix systemd[1]: sys-subsystem-net-devices-wlp1s0u1u4.device: Job sys-subsystem-net-devices-wlp1s0u1u4.device/start timed out.
Sep 24 02:57:36 pi-nix systemd[1]: Timed out waiting for device /sys/subsystem/net/devices/wlp1s0u1u4.
Sep 24 02:57:36 pi-nix systemd[1]: Dependency failed for IEEE 802.11 Host Access-Point Daemon.
Sep 24 02:57:36 pi-nix systemd[1]: hostapd.service: Job hostapd.service/start failed with result 'dependency'.
Sep 24 02:57:36 pi-nix systemd[1]: sys-subsystem-net-devices-wlp1s0u1u4.device: Job sys-subsystem-net-devices-wlp1s0u1u4.device/start failed with result 'timeout'.
Sep 24 02:57:36 pi-nix systemd[1]: Starting Networking Setup...
Sep 24 02:57:36 pi-nix systemd[1]: Finished Networking Setup.
Sep 24 02:57:36 pi-nix systemd[1]: Starting Extra networking commands....
Sep 24 02:57:36 pi-nix systemd[1]: Finished Extra networking commands..
Sep 24 02:57:36 pi-nix systemd[1]: Reached target Network.
Sep 24 02:57:36 pi-nix systemd[1]: Reached target Network is Online.
Sep 24 02:57:36 pi-nix systemd[1]: Started Custom NAT setup for wlp1s0u1u4.
Sep 24 02:57:37 pi-nix systemd[1]: Starting Dnsmasq Daemon...
Sep 24 02:57:37 pi-nix systemd[1]: Starting SSH Daemon...
Sep 24 02:57:37 pi-nix systemd[1]: Starting Permit User Sessions...
Sep 24 02:57:37 pi-nix systemd[1]: Started SSH Daemon.
Sep 24 02:57:37 pi-nix systemd[1]: Finished Permit User Sessions.
Sep 24 02:57:37 pi-nix systemd[1]: Started Getty on tty1.
Sep 24 02:57:37 pi-nix systemd[1]: Started Serial Getty on ttyS1.
Sep 24 02:57:37 pi-nix systemd[1]: Reached target Login Prompts.
Sep 24 02:57:37 pi-nix systemd[1]: custom-nat.service: Deactivated successfully.
Sep 24 02:57:37 pi-nix dnsmasq-pre-start[856]: dnsmasq: syntax check OK.
Sep 24 02:57:37 pi-nix sshd[857]: Server listening on 0.0.0.0 port 22.
Sep 24 02:57:37 pi-nix sshd[857]: Server listening on :: port 22.
Sep 24 02:57:37 pi-nix dnsmasq[866]: dnsmasq: unknown interface br0
Sep 24 02:57:37 pi-nix dnsmasq[866]: unknown interface br0
Sep 24 02:57:37 pi-nix dnsmasq[866]: FAILED to start up
Sep 24 02:57:37 pi-nix systemd[1]: dnsmasq.service: Main process exited, code=exited, status=2/INVALIDARGUMENT
Sep 24 02:57:37 pi-nix systemd[1]: dnsmasq.service: Failed with result 'exit-code'.
Sep 24 02:57:37 pi-nix systemd[1]: Failed to start Dnsmasq Daemon.
Sep 24 02:57:37 pi-nix systemd[1]: Reached target Multi-User System.
Sep 24 02:57:37 pi-nix systemd[1]: Startup finished in 7.182s (kernel) + 1min 32.441s (userspace) = 1min 39.624s.
Sep 24 02:57:37 pi-nix systemd[1]: dnsmasq.service: Scheduled restart job, restart counter is at 1.
Sep 24 02:57:37 pi-nix systemd[1]: Starting Dnsmasq Daemon...
Sep 24 02:57:37 pi-nix dnsmasq-pre-start[877]: dnsmasq: syntax check OK.
Sep 24 02:57:37 pi-nix dnsmasq[879]: dnsmasq: unknown interface br0
Sep 24 02:57:37 pi-nix dnsmasq[879]: unknown interface br0
Sep 24 02:57:37 pi-nix dnsmasq[879]: FAILED to start up
Sep 24 02:57:37 pi-nix systemd[1]: dnsmasq.service: Main process exited, code=exited, status=2/INVALIDARGUMENT
Sep 24 02:57:37 pi-nix systemd[1]: dnsmasq.service: Failed with result 'exit-code'.
Sep 24 02:57:37 pi-nix systemd[1]: Failed to start Dnsmasq Daemon.
Sep 24 02:57:37 pi-nix systemd[1]: dnsmasq.service: Scheduled restart job, restart counter is at 2.
Sep 24 02:57:37 pi-nix systemd[1]: Starting Dnsmasq Daemon...
Sep 24 02:57:37 pi-nix dnsmasq-pre-start[888]: dnsmasq: syntax check OK.
Sep 24 02:57:37 pi-nix dnsmasq[890]: dnsmasq: unknown interface br0
Sep 24 02:57:37 pi-nix dnsmasq[890]: unknown interface br0
Sep 24 02:57:37 pi-nix dnsmasq[890]: FAILED to start up
Sep 24 02:57:37 pi-nix systemd[1]: dnsmasq.service: Main process exited, code=exited, status=2/INVALIDARGUMENT
Sep 24 02:57:37 pi-nix systemd[1]: dnsmasq.service: Failed with result 'exit-code'.
Sep 24 02:57:37 pi-nix systemd[1]: Failed to start Dnsmasq Daemon.
Sep 24 02:57:37 pi-nix systemd[1]: dnsmasq.service: Scheduled restart job, restart counter is at 3.
Sep 24 02:57:37 pi-nix systemd[1]: Starting Dnsmasq Daemon...
Sep 24 02:57:37 pi-nix dnsmasq-pre-start[899]: dnsmasq: syntax check OK.
Sep 24 02:57:37 pi-nix dnsmasq[901]: dnsmasq: unknown interface br0
Sep 24 02:57:37 pi-nix dnsmasq[901]: unknown interface br0
Sep 24 02:57:37 pi-nix dnsmasq[901]: FAILED to start up
Sep 24 02:57:37 pi-nix systemd[1]: dnsmasq.service: Main process exited, code=exited, status=2/INVALIDARGUMENT
Sep 24 02:57:37 pi-nix systemd[1]: dnsmasq.service: Failed with result 'exit-code'.
Sep 24 02:57:37 pi-nix systemd[1]: Failed to start Dnsmasq Daemon.
Sep 24 02:57:38 pi-nix systemd[1]: dnsmasq.service: Scheduled restart job, restart counter is at 4.
Sep 24 02:57:38 pi-nix systemd[1]: Starting Dnsmasq Daemon...
Sep 24 02:57:38 pi-nix dnsmasq-pre-start[910]: dnsmasq: syntax check OK.
Sep 24 02:57:38 pi-nix dnsmasq[912]: dnsmasq: unknown interface br0
Sep 24 02:57:38 pi-nix dnsmasq[912]: unknown interface br0
Sep 24 02:57:38 pi-nix dnsmasq[912]: FAILED to start up
Sep 24 02:57:38 pi-nix systemd[1]: dnsmasq.service: Main process exited, code=exited, status=2/INVALIDARGUMENT
Sep 24 02:57:38 pi-nix systemd[1]: dnsmasq.service: Failed with result 'exit-code'.
Sep 24 02:57:38 pi-nix systemd[1]: Failed to start Dnsmasq Daemon.
Sep 24 02:57:38 pi-nix systemd[1]: dnsmasq.service: Scheduled restart job, restart counter is at 5.
Sep 24 02:57:38 pi-nix systemd[1]: dnsmasq.service: Start request repeated too quickly.
Sep 24 02:57:38 pi-nix systemd[1]: dnsmasq.service: Failed with result 'exit-code'.
Sep 24 02:57:38 pi-nix systemd[1]: Failed to start Dnsmasq Daemon.
Sep 24 02:58:11 pi-nix login[861]: pam_unix(login:session): session opened for user admin(uid=1000) by LOGIN(uid=0)
Sep 24 02:58:11 pi-nix systemd[1]: Created slice Slice /user/1000.
Sep 24 02:58:11 pi-nix systemd[1]: Starting User Runtime Directory /run/user/1000...
Sep 24 02:58:11 pi-nix systemd-timesyncd[588]: Network configuration changed, trying to establish connection.
Sep 24 02:58:11 pi-nix systemd-logind[662]: New session 1 of user admin.
Sep 24 02:58:11 pi-nix systemd[1]: Finished User Runtime Directory /run/user/1000.
Sep 24 02:58:11 pi-nix systemd[1]: Starting User Manager for UID 1000...
Sep 24 02:58:11 pi-nix (systemd)[919]: pam_unix(systemd-user:session): session opened for user admin(uid=1000) by (uid=0)
Sep 24 02:58:12 pi-nix systemd[919]: Queued start job for default target Main User Target.
Sep 24 02:58:12 pi-nix systemd[919]: Created slice User Application Slice.
Sep 24 02:58:12 pi-nix systemd[919]: Reached target Paths.
Sep 24 02:58:12 pi-nix systemd[919]: Reached target Timers.
Sep 24 02:58:12 pi-nix systemd[919]: Starting D-Bus User Message Bus Socket...
Sep 24 02:58:12 pi-nix systemd[919]: Listening on D-Bus User Message Bus Socket.
Sep 24 02:58:12 pi-nix systemd[919]: Reached target Sockets.
Sep 24 02:58:12 pi-nix systemd[919]: Reached target Basic System.
Sep 24 02:58:12 pi-nix systemd[1]: Started User Manager for UID 1000.
Sep 24 02:58:12 pi-nix systemd[919]: Starting Run user-specific NixOS activation...
Sep 24 02:58:12 pi-nix systemd[1]: Started Session 1 of User admin.
Sep 24 02:58:12 pi-nix systemd[919]: Finished Run user-specific NixOS activation.
Sep 24 02:58:12 pi-nix systemd[919]: Reached target Main User Target.
Sep 24 02:58:12 pi-nix systemd[919]: Startup finished in 466ms.
